File "continue_without_value_case.ml", lines 2-3, characters 2-22:
Error: ppx_effects: none of the patterns in this `match` expression match values.
