File "malformed_payload.ml", line 3, characters 4-36:
Error: ppx_effects: invalid [%effect? ...] payload. Expected a pattern for an (effect, continuation) pair, e.g. `[%effect? Foo, k]`.
