File "malformed_payload_hint_missing_comma.ml", line 3, characters 4-36:
Error: ppx_effects: invalid [%effect? ...] payload. Expected a pattern for an (effect, continuation) pair.
       Hint: did you mean `[%effect? E, k]`?
