File "when_inside_effect.ml", line 3, characters 4-29:
Error: ppx_effects: when clauses not permitted in `[%effect? <pattern>]` node.
       Hint: did you mean to use `[%effect? <pattern>] when <expr>` instead?
